// Jest Snapshot v1, https://goo.gl/fbAQLP

exports[`the Modal component renders correctly 1`] = `null`;
